// Jest Snapshot v1, https://goo.gl/fbAQLP

exports[`<AddCategory/>  test should correctly display the component 1`] = `
<form
  onSubmit={[Function]}
>
  <p>
     
     
     
  </p>
  <input
    onChange={[Function]}
    type="text"
    value=" "
  />
</form>
`;
