// Jest Snapshot v1, https://goo.gl/fbAQLP

exports[`<GifGridItem/>  test should correctly display the component 1`] = `
<div
  className="card animate__animated animate__fadeIn animate__delay-1s"
>
  <p>
    Title
  </p>
  <img
    alt="Title"
    src="http//localhost/algo.jpg"
  />
</div>
`;
